[ 26%] Built target zragflib
[ 28%] Built target zragf_bench_compare_zlib
[ 29%] Built target zragf_bench_streaming_compare
[ 31%] Built target zragf_bench_phase19_diff
[ 32%] Built target zragf_bench_phase20_advantage
[ 34%] Built target zragf_bench_phase21_text
[ 36%] Built target zragf_bench_phase22_speed_text
[ 37%] Built target zragf_bench_phase29_step29
[ 39%] Built target zragf_bench_phase23_speed_text
[ 41%] Built target zragf_bench_phase30_wholebuf
[ 43%] Built target zragf_bench_phase31_emit_stats
[ 45%] Built target zragf_bench_phase33_split_model
[ 46%] Built target zragf_bench_phase32_matcher_tokens
[ 48%] Built target zragf_bench_phase36_estimate_cache
[ 50%] Built target zragf_bench_phase35_partition_budget
[ 51%] Built target zragf_bench_phase37_winner_emit
[ 53%] Built target zragf_bench_phase38_prepared_cache
[ 55%] Built target zragf_bench_phase39_partition_state
[ 57%] Built target zragf_bench_phase40_dual_cache
[ 58%] Built target zragf_bench_phase41_winner_dynamic
[ 60%] Built target zragf_bench_phase42_public_emit_cache
[ 62%] Built target zragf_bench_phase43_suffix_tail_cache
[ 63%] Built target zragf_bench_phase44_tail_bounds
[ 65%] Built target zragf_bench_phase45_tail_lower_bound
[ 67%] Built target zragf_bench_phase46_candidate_order
[ 69%] Built target zragf_bench_phase47_tail_seed
[ 70%] Built target zragf_bench_phase48_tail_lb_query
[ 72%] Built target zragf_bench_phase49_suffix_memo
[ 74%] Built target zragf_bench_phase50_tail_priority
[ 76%] Built target zragf_bench_phase51_lb_prune
[ 77%] Built target zragf_bench_phase52_exact_tail_cache
[ 79%] Built target zragf_bench_phase53_exact_tail_query
[ 81%] Built target zragf_bench_phase54_lb_query_cache
[ 82%] Built target zragf_bench_phase55_suffix_query_cache
[ 84%] Built target zragf_bench_phase56_slot_hint_maps
[ 86%] Built target zragf_bench_phase57_prepared_donor_hints
[ 88%] Built target zragf_bench_phase58_prepared_donor_miss_hints
[ 89%] Built target zragf_bench_phase59_query_assoc
[ 91%] Built target zragf_bench_phase60_slot_hint_assoc
[ 93%] Built target zragf_bench_phase61_miss_paths
[ 94%] Built target zragf_bench_phase62_dual_prune_miss
[ 96%] Built target zragf_bench_phase63_prepared_donor_query
[ 98%] Built target zragf_bench_phase11_split_compare
[ 99%] Building C object CMakeFiles/zragf_example_c89_simple.dir/examples/example_c89_simple.c.o
[100%] Linking C executable zragf_example_c89_simple
[100%] Built target zragf_example_c89_simple
